// Vitest Snapshot v1, https://vitest.dev/guide/snapshot.html

exports[`public API surface > exports exactly the intentional set of names 1`] = `
[
  "ATOM_STATUSES",
  "ATOM_TYPES",
  "AtomFrontmatterSchema",
  "CLASSIFICATIONS",
  "DEFAULT_CONFIDENCE_FLOOR",
  "DEFAULT_FILL_TYPE_RESERVATIONS",
  "DEFAULT_ISOLATION_CONFIG",
  "DEFAULT_RENDER_CONFIG",
  "DEFAULT_THRESHOLD",
  "DEFAULT_TOP_K",
  "DEFAULT_TTLS",
  "DEFAULT_TYPE_RESERVATIONS",
  "DEFAULT_TYPE_WEIGHTS",
  "EvalError",
  "MAX_RESERVATION_RATIO",
  "MUTATION_ACTIONS",
  "MemoryEventSchema",
  "RELATIONS_SENTINEL",
  "RELATION_CONTEXT",
  "RELATION_TYPES",
  "TYPE_COLORS",
  "addRelation",
  "appendEvent",
  "applyMMR",
  "archiveAtom",
  "assertValidAgentId",
  "assertValidHash",
  "assertWithinDir",
  "atomFilePath",
  "atomToEmbeddingText",
  "bootstrapEvents",
  "buildConceptMap",
  "canonicalLifecycleSet",
  "canonicalLifecycleSlugs",
  "checkpoint",
  "classifyQuery",
  "closeAllIndexes",
  "closeIndex",
  "closure",
  "compactLog",
  "compileConceptPatterns",
  "computeCoverageBoosts",
  "computeLengthFactors",
  "computeTextSimilarity",
  "confirmConflictWithLLM",
  "consolidateAtoms",
  "cosineSimilarity",
  "countEvents",
  "createAtom",
  "createAtomIdPattern",
  "deduplicateRefs",
  "deriveConceptNames",
  "deserializeVector",
  "detectAndResolveConflicts",
  "dotProduct",
  "embedAllAtoms",
  "embedAtom",
  "embedBatch",
  "embedText",
  "embeddingStats",
  "enrichRelations",
  "estimateTokens",
  "evidenceExists",
  "exitCodeForEval",
  "extractBodyReferences",
  "extractCitations",
  "extractConceptReferences",
  "extractFromLog",
  "extractIdSlug",
  "findCandidateConflicts",
  "generateAtomId",
  "generateEventId",
  "generateGraphConfig",
  "getAllAtomIds",
  "getAllEmbeddings",
  "getAllRelations",
  "getEmbeddingConfig",
  "getLastEventId",
  "getRelationsForAtom",
  "getSharedDir",
  "getTriplesForAtom",
  "hashEvidence",
  "importFromFile",
  "indexCitations",
  "indexExists",
  "indexStats",
  "inferRelationType",
  "initAgentStore",
  "initIsolatedBase",
  "initMemoryDir",
  "initSharedStore",
  "insertTriples",
  "isEmbeddingStale",
  "isIsolated",
  "isMutationAction",
  "linkEpisodeToAtom",
  "lintMemoryStore",
  "listAgents",
  "listAtomFiles",
  "listAtoms",
  "listEpisodes",
  "listEvidence",
  "listSharedAtoms",
  "loadConfig",
  "loadFixtures",
  "loadLifecycleManifest",
  "loadRenderConfig",
  "markExecuted",
  "mergeEventLogs",
  "migrate",
  "normalizeSlug",
  "normalizeTags",
  "normalizeTimestamp",
  "normalizeVector",
  "observeConversation",
  "openIndex",
  "parseAtom",
  "previewImport",
  "queryIndex",
  "readAtom",
  "readEpisode",
  "readEvents",
  "readEventsByAction",
  "readEventsForAtoms",
  "readEvidence",
  "readView",
  "recall",
  "recallIsolated",
  "recallIsolatedWithEmbeddings",
  "recallWithEmbeddings",
  "reflect",
  "reindex",
  "relinkAll",
  "relinkAtom",
  "renderAgentClaudeMd",
  "renderClaudeMd",
  "renderConstraints",
  "renderDecisions",
  "renderHandoff",
  "renderIndex",
  "renderOpenQuestions",
  "renderRelationsSection",
  "replay",
  "replayFromFile",
  "resolveAgentDir",
  "resolveConflict",
  "resolveEmbed",
  "resolveSeedDir",
  "runEval",
  "runFixture",
  "runUpgrade",
  "searchFts",
  "seedLifecycle",
  "selectAtomsWithReservations",
  "semanticSearch",
  "semanticSearchSync",
  "serializeAtom",
  "serializeFrontmatter",
  "serializeVector",
  "shareAtom",
  "snapshotAtom",
  "storeEmbedding",
  "stripRelationsSection",
  "unshareAtom",
  "updateAtom",
  "validateAtomFrontmatter",
  "validateEvent",
  "wander",
  "wanderFromFiles",
  "writeAtom",
  "writeConfig",
  "writeEpisode",
  "writeEvidence",
  "writeFileAtomic",
  "writeRenderConfig",
  "writeView",
]
`;
